23:46:47 **** Incremental Build of configuration Debug for project Test_LED ****
make -j24 all 
arm-none-eabi-size  Test_LED.elf 
   text	   data	    bss	    dec	    hex	filename
  10844	     12	   1708	  12564	   3114	Test_LED.elf
Finished building: default.size.stdout
 
23:47:04 **** Incremental Build of configuration Debug for project Test_LED ****
make -j24 all 
arm-none-eabi-gcc "../Core/Src/main.c" -mcpu=cortex-m4 -std=gnu11 -g3 -DDEBUG -DUSE_HAL_DRIVER -DSTM32L412xx -c -I../Core/Inc -I../Drivers/STM32L4xx_HAL_Driver/Inc -I../Drivers/STM32L4xx_HAL_Driver/Inc/Legacy -I../Drivers/CMSIS/Device/ST/STM32L4xx/Include -I../Drivers/CMSIS/Include -O0 -ffunction-sections -fdata-sections -Wall -fstack-usage -fcyclomatic-complexity -MMD -MP -MF"Core/Src/main.d" -MT"Core/Src/main.o" --specs=nano.specs -mfpu=fpv4-sp-d16 -mfloat-abi=hard -mthumb -o "Core/Src/main.o"
arm-none-eabi-gcc -o "Test_LED.elf" @"objects.list"   -mcpu=cortex-m4 -T"C:\RajEngineering\Repository\GitCommitedCodes\STM32Code\New folder\Test_LED\STM32L412RBTXP_FLASH.ld" --specs=nosys.specs -Wl,-Map="Test_LED.map" -Wl,--gc-sections -static --specs=nano.specs -mfpu=fpv4-sp-d16 -mfloat-abi=hard -mthumb -Wl,--start-group -lc -lm -Wl,--end-group
Finished building target: Test_LED.elf
 
arm-none-eabi-size  Test_LED.elf 
arm-none-eabi-objdump -h -S Test_LED.elf  > "Test_LED.list"
   text	   data	    bss	    dec	    hex	filename
  10848	     12	   1708	  12568	   3118	Test_LED.elf
Finished building: default.size.stdout
 
Finished building: Test_LED.list
 
